Running on host gpu22.bc4.acrc.priv
Time is Fri Jun  9 18:37:53 BST 2023
Directory is /user/work/um20242/VSFA-UGC
Slurm job ID is 11561842
This jobs runs on the following machines:
gpu[22,28]
/user/home/um20242/.conda/envs/reproducibleresearch/lib/python3.6/site-packages/skvideo/__init__.py:306: UserWarning: ffmpeg/ffprobe not found in path: C://Users//um20242//ffmpeg//bin//
  warnings.warn("ffmpeg/ffprobe not found in path: " + str(path), UserWarning)
RGB
499
1080
1920
Compose(
    ToTensor()
    Normalize(mean=[0.485, 0.456, 0.406], std=[0.229, 0.224, 0.225])
)
<class 'PIL.Image.Image'>
<class 'torch.Tensor'>
<class 'PIL.Image.Image'>
<class 'torch.Tensor'>
<class 'PIL.Image.Image'>
<class 'torch.Tensor'>
<class 'PIL.Image.Image'>
<class 'torch.Tensor'>
<class 'PIL.Image.Image'>
<class 'torch.Tensor'>
<class 'PIL.Image.Image'>
<class 'torch.Tensor'>
<class 'PIL.Image.Image'>
<class 'torch.Tensor'>
<class 'PIL.Image.Image'>
<class 'torch.Tensor'>
<class 'PIL.Image.Image'>
<class 'torch.Tensor'>
<class 'PIL.Image.Image'>
<class 'torch.Tensor'>
<class 'PIL.Image.Image'>
<class 'torch.Tensor'>
<class 'PIL.Image.Image'>
<class 'torch.Tensor'>
<class 'PIL.Image.Image'>
<class 'torch.Tensor'>
<class 'PIL.Image.Image'>
<class 'torch.Tensor'>
<class 'PIL.Image.Image'>
<class 'torch.Tensor'>
<class 'PIL.Image.Image'>
<class 'torch.Tensor'>
<class 'PIL.Image.Image'>
<class 'torch.Tensor'>
<class 'PIL.Image.Image'>
<class 'torch.Tensor'>
<class 'PIL.Image.Image'>
<class 'torch.Tensor'>
<class 'PIL.Image.Image'>
<class 'torch.Tensor'>
<class 'PIL.Image.Image'>
<class 'torch.Tensor'>
<class 'PIL.Image.Image'>
<class 'torch.Tensor'>
<class 'PIL.Image.Image'>
<class 'torch.Tensor'>
<class 'PIL.Image.Image'>
<class 'torch.Tensor'>
<class 'PIL.Image.Image'>
<class 'torch.Tensor'>
<class 'PIL.Image.Image'>
<class 'torch.Tensor'>
<class 'PIL.Image.Image'>
<class 'torch.Tensor'>
<class 'PIL.Image.Image'>
<class 'torch.Tensor'>
<class 'PIL.Image.Image'>
<class 'torch.Tensor'>
<class 'PIL.Image.Image'>
<class 'torch.Tensor'>
<class 'PIL.Image.Image'>
<class 'torch.Tensor'>
<class 'PIL.Image.Image'>
<class 'torch.Tensor'>
<class 'PIL.Image.Image'>
<class 'torch.Tensor'>
<class 'PIL.Image.Image'>
<class 'torch.Tensor'>
<class 'PIL.Image.Image'>
<class 'torch.Tensor'>
<class 'PIL.Image.Image'>
<class 'torch.Tensor'>
<class 'PIL.Image.Image'>
<class 'torch.Tensor'>
<class 'PIL.Image.Image'>
<class 'torch.Tensor'>
<class 'PIL.Image.Image'>
<class 'torch.Tensor'>
<class 'PIL.Image.Image'>
<class 'torch.Tensor'>
<class 'PIL.Image.Image'>
<class 'torch.Tensor'>
<class 'PIL.Image.Image'>
<class 'torch.Tensor'>
<class 'PIL.Image.Image'>
<class 'torch.Tensor'>
<class 'PIL.Image.Image'>
<class 'torch.Tensor'>
<class 'PIL.Image.Image'>
<class 'torch.Tensor'>
<class 'PIL.Image.Image'>
<class 'torch.Tensor'>
<class 'PIL.Image.Image'>
<class 'torch.Tensor'>
<class 'PIL.Image.Image'>
<class 'torch.Tensor'>
<class 'PIL.Image.Image'>
<class 'torch.Tensor'>
<class 'PIL.Image.Image'>
<class 'torch.Tensor'>
<class 'PIL.Image.Image'>
<class 'torch.Tensor'>
<class 'PIL.Image.Image'>
<class 'torch.Tensor'>
<class 'PIL.Image.Image'>
<class 'torch.Tensor'>
<class 'PIL.Image.Image'>
<class 'torch.Tensor'>
<class 'PIL.Image.Image'>
<class 'torch.Tensor'>
<class 'PIL.Image.Image'>
<class 'torch.Tensor'>
<class 'PIL.Image.Image'>
<class 'torch.Tensor'>
<class 'PIL.Image.Image'>
<class 'torch.Tensor'>
<class 'PIL.Image.Image'>
<class 'torch.Tensor'>
<class 'PIL.Image.Image'>
<class 'torch.Tensor'>
<class 'PIL.Image.Image'>
<class 'torch.Tensor'>
<class 'PIL.Image.Image'>
<class 'torch.Tensor'>
<class 'PIL.Image.Image'>
<class 'torch.Tensor'>
<class 'PIL.Image.Image'>
<class 'torch.Tensor'>
<class 'PIL.Image.Image'>
<class 'torch.Tensor'>
<class 'PIL.Image.Image'>
<class 'torch.Tensor'>
<class 'PIL.Image.Image'>
<class 'torch.Tensor'>
<class 'PIL.Image.Image'>
<class 'torch.Tensor'>
<class 'PIL.Image.Image'>
<class 'torch.Tensor'>
<class 'PIL.Image.Image'>
<class 'torch.Tensor'>
<class 'PIL.Image.Image'>
<class 'torch.Tensor'>
<class 'PIL.Image.Image'>
<class 'torch.Tensor'>
<class 'PIL.Image.Image'>
<class 'torch.Tensor'>
<class 'PIL.Image.Image'>
<class 'torch.Tensor'>
<class 'PIL.Image.Image'>
<class 'torch.Tensor'>
<class 'PIL.Image.Image'>
<class 'torch.Tensor'>
<class 'PIL.Image.Image'>
<class 'torch.Tensor'>
<class 'PIL.Image.Image'>
<class 'torch.Tensor'>
<class 'PIL.Image.Image'>
<class 'torch.Tensor'>
<class 'PIL.Image.Image'>
<class 'torch.Tensor'>
<class 'PIL.Image.Image'>
<class 'torch.Tensor'>
<class 'PIL.Image.Image'>
<class 'torch.Tensor'>
<class 'PIL.Image.Image'>
<class 'torch.Tensor'>
<class 'PIL.Image.Image'>
<class 'torch.Tensor'>
<class 'PIL.Image.Image'>
<class 'torch.Tensor'>
<class 'PIL.Image.Image'>
<class 'torch.Tensor'>
<class 'PIL.Image.Image'>
<class 'torch.Tensor'>
<class 'PIL.Image.Image'>
<class 'torch.Tensor'>
<class 'PIL.Image.Image'>
<class 'torch.Tensor'>
<class 'PIL.Image.Image'>
<class 'torch.Tensor'>
<class 'PIL.Image.Image'>
<class 'torch.Tensor'>
<class 'PIL.Image.Image'>
<class 'torch.Tensor'>
<class 'PIL.Image.Image'>
<class 'torch.Tensor'>
<class 'PIL.Image.Image'>
<class 'torch.Tensor'>
<class 'PIL.Image.Image'>
<class 'torch.Tensor'>
<class 'PIL.Image.Image'>
<class 'torch.Tensor'>
<class 'PIL.Image.Image'>
<class 'torch.Tensor'>
<class 'PIL.Image.Image'>
<class 'torch.Tensor'>
<class 'PIL.Image.Image'>
<class 'torch.Tensor'>
<class 'PIL.Image.Image'>
<class 'torch.Tensor'>
<class 'PIL.Image.Image'>
<class 'torch.Tensor'>
<class 'PIL.Image.Image'>
<class 'torch.Tensor'>
<class 'PIL.Image.Image'>
<class 'torch.Tensor'>
<class 'PIL.Image.Image'>
<class 'torch.Tensor'>
<class 'PIL.Image.Image'>
<class 'torch.Tensor'>
<class 'PIL.Image.Image'>
<class 'torch.Tensor'>
<class 'PIL.Image.Image'>
<class 'torch.Tensor'>
<class 'PIL.Image.Image'>
<class 'torch.Tensor'>
<class 'PIL.Image.Image'>
<class 'torch.Tensor'>
<class 'PIL.Image.Image'>
<class 'torch.Tensor'>
<class 'PIL.Image.Image'>
<class 'torch.Tensor'>
<class 'PIL.Image.Image'>
<class 'torch.Tensor'>
<class 'PIL.Image.Image'>
<class 'torch.Tensor'>
<class 'PIL.Image.Image'>
<class 'torch.Tensor'>
<class 'PIL.Image.Image'>
<class 'torch.Tensor'>
<class 'PIL.Image.Image'>
<class 'torch.Tensor'>
<class 'PIL.Image.Image'>
<class 'torch.Tensor'>
<class 'PIL.Image.Image'>
<class 'torch.Tensor'>
<class 'PIL.Image.Image'>
<class 'torch.Tensor'>
<class 'PIL.Image.Image'>
<class 'torch.Tensor'>
<class 'PIL.Image.Image'>
<class 'torch.Tensor'>
<class 'PIL.Image.Image'>
<class 'torch.Tensor'>
<class 'PIL.Image.Image'>
<class 'torch.Tensor'>
<class 'PIL.Image.Image'>
<class 'torch.Tensor'>
<class 'PIL.Image.Image'>
<class 'torch.Tensor'>
<class 'PIL.Image.Image'>
<class 'torch.Tensor'>
<class 'PIL.Image.Image'>
<class 'torch.Tensor'>
<class 'PIL.Image.Image'>
<class 'torch.Tensor'>
<class 'PIL.Image.Image'>
<class 'torch.Tensor'>
<class 'PIL.Image.Image'>
<class 'torch.Tensor'>
<class 'PIL.Image.Image'>
<class 'torch.Tensor'>
<class 'PIL.Image.Image'>
<class 'torch.Tensor'>
<class 'PIL.Image.Image'>
<class 'torch.Tensor'>
<class 'PIL.Image.Image'>
<class 'torch.Tensor'>
<class 'PIL.Image.Image'>
<class 'torch.Tensor'>
<class 'PIL.Image.Image'>
<class 'torch.Tensor'>
<class 'PIL.Image.Image'>
<class 'torch.Tensor'>
<class 'PIL.Image.Image'>
<class 'torch.Tensor'>
<class 'PIL.Image.Image'>
<class 'torch.Tensor'>
<class 'PIL.Image.Image'>
<class 'torch.Tensor'>
<class 'PIL.Image.Image'>
<class 'torch.Tensor'>
<class 'PIL.Image.Image'>
<class 'torch.Tensor'>
<class 'PIL.Image.Image'>
<class 'torch.Tensor'>
<class 'PIL.Image.Image'>
<class 'torch.Tensor'>
<class 'PIL.Image.Image'>
<class 'torch.Tensor'>
<class 'PIL.Image.Image'>
<class 'torch.Tensor'>
<class 'PIL.Image.Image'>
<class 'torch.Tensor'>
<class 'PIL.Image.Image'>
<class 'torch.Tensor'>
<class 'PIL.Image.Image'>
<class 'torch.Tensor'>
<class 'PIL.Image.Image'>
<class 'torch.Tensor'>
<class 'PIL.Image.Image'>
<class 'torch.Tensor'>
<class 'PIL.Image.Image'>
<class 'torch.Tensor'>
<class 'PIL.Image.Image'>
<class 'torch.Tensor'>
<class 'PIL.Image.Image'>
<class 'torch.Tensor'>
<class 'PIL.Image.Image'>
<class 'torch.Tensor'>
<class 'PIL.Image.Image'>
<class 'torch.Tensor'>
<class 'PIL.Image.Image'>
<class 'torch.Tensor'>
<class 'PIL.Image.Image'>
<class 'torch.Tensor'>
<class 'PIL.Image.Image'>
<class 'torch.Tensor'>
<class 'PIL.Image.Image'>
<class 'torch.Tensor'>
<class 'PIL.Image.Image'>
<class 'torch.Tensor'>
<class 'PIL.Image.Image'>
<class 'torch.Tensor'>
<class 'PIL.Image.Image'>
<class 'torch.Tensor'>
<class 'PIL.Image.Image'>
<class 'torch.Tensor'>
<class 'PIL.Image.Image'>
<class 'torch.Tensor'>
<class 'PIL.Image.Image'>
<class 'torch.Tensor'>
<class 'PIL.Image.Image'>
<class 'torch.Tensor'>
<class 'PIL.Image.Image'>
<class 'torch.Tensor'>
<class 'PIL.Image.Image'>
<class 'torch.Tensor'>
<class 'PIL.Image.Image'>
<class 'torch.Tensor'>
<class 'PIL.Image.Image'>
<class 'torch.Tensor'>
<class 'PIL.Image.Image'>
<class 'torch.Tensor'>
<class 'PIL.Image.Image'>
<class 'torch.Tensor'>
<class 'PIL.Image.Image'>
<class 'torch.Tensor'>
<class 'PIL.Image.Image'>
<class 'torch.Tensor'>
<class 'PIL.Image.Image'>
<class 'torch.Tensor'>
<class 'PIL.Image.Image'>
<class 'torch.Tensor'>
<class 'PIL.Image.Image'>
<class 'torch.Tensor'>
<class 'PIL.Image.Image'>
<class 'torch.Tensor'>
<class 'PIL.Image.Image'>
<class 'torch.Tensor'>
<class 'PIL.Image.Image'>
<class 'torch.Tensor'>
<class 'PIL.Image.Image'>
<class 'torch.Tensor'>
<class 'PIL.Image.Image'>
<class 'torch.Tensor'>
<class 'PIL.Image.Image'>
<class 'torch.Tensor'>
<class 'PIL.Image.Image'>
<class 'torch.Tensor'>
<class 'PIL.Image.Image'>
<class 'torch.Tensor'>
<class 'PIL.Image.Image'>
<class 'torch.Tensor'>
<class 'PIL.Image.Image'>
<class 'torch.Tensor'>
<class 'PIL.Image.Image'>
<class 'torch.Tensor'>
<class 'PIL.Image.Image'>
<class 'torch.Tensor'>
<class 'PIL.Image.Image'>
<class 'torch.Tensor'>
<class 'PIL.Image.Image'>
<class 'torch.Tensor'>
<class 'PIL.Image.Image'>
<class 'torch.Tensor'>
<class 'PIL.Image.Image'>
<class 'torch.Tensor'>
<class 'PIL.Image.Image'>
<class 'torch.Tensor'>
<class 'PIL.Image.Image'>
<class 'torch.Tensor'>
<class 'PIL.Image.Image'>
<class 'torch.Tensor'>
<class 'PIL.Image.Image'>
<class 'torch.Tensor'>
<class 'PIL.Image.Image'>
<class 'torch.Tensor'>
<class 'PIL.Image.Image'>
<class 'torch.Tensor'>
<class 'PIL.Image.Image'>
<class 'torch.Tensor'>
<class 'PIL.Image.Image'>
<class 'torch.Tensor'>
<class 'PIL.Image.Image'>
<class 'torch.Tensor'>
<class 'PIL.Image.Image'>
<class 'torch.Tensor'>
<class 'PIL.Image.Image'>
<class 'torch.Tensor'>
<class 'PIL.Image.Image'>
<class 'torch.Tensor'>
<class 'PIL.Image.Image'>
<class 'torch.Tensor'>
<class 'PIL.Image.Image'>
<class 'torch.Tensor'>
<class 'PIL.Image.Image'>
<class 'torch.Tensor'>
<class 'PIL.Image.Image'>
<class 'torch.Tensor'>
<class 'PIL.Image.Image'>
<class 'torch.Tensor'>
<class 'PIL.Image.Image'>
<class 'torch.Tensor'>
<class 'PIL.Image.Image'>
<class 'torch.Tensor'>
<class 'PIL.Image.Image'>
<class 'torch.Tensor'>
<class 'PIL.Image.Image'>
<class 'torch.Tensor'>
<class 'PIL.Image.Image'>
<class 'torch.Tensor'>
<class 'PIL.Image.Image'>
<class 'torch.Tensor'>
<class 'PIL.Image.Image'>
<class 'torch.Tensor'>
<class 'PIL.Image.Image'>
<class 'torch.Tensor'>
<class 'PIL.Image.Image'>
<class 'torch.Tensor'>
<class 'PIL.Image.Image'>
<class 'torch.Tensor'>
<class 'PIL.Image.Image'>
<class 'torch.Tensor'>
<class 'PIL.Image.Image'>
<class 'torch.Tensor'>
<class 'PIL.Image.Image'>
<class 'torch.Tensor'>
<class 'PIL.Image.Image'>
<class 'torch.Tensor'>
<class 'PIL.Image.Image'>
<class 'torch.Tensor'>
<class 'PIL.Image.Image'>
<class 'torch.Tensor'>
<class 'PIL.Image.Image'>
<class 'torch.Tensor'>
<class 'PIL.Image.Image'>
<class 'torch.Tensor'>
<class 'PIL.Image.Image'>
<class 'torch.Tensor'>
<class 'PIL.Image.Image'>
<class 'torch.Tensor'>
<class 'PIL.Image.Image'>
<class 'torch.Tensor'>
<class 'PIL.Image.Image'>
<class 'torch.Tensor'>
<class 'PIL.Image.Image'>
<class 'torch.Tensor'>
<class 'PIL.Image.Image'>
<class 'torch.Tensor'>
<class 'PIL.Image.Image'>
<class 'torch.Tensor'>
<class 'PIL.Image.Image'>
<class 'torch.Tensor'>
<class 'PIL.Image.Image'>
<class 'torch.Tensor'>
<class 'PIL.Image.Image'>
<class 'torch.Tensor'>
<class 'PIL.Image.Image'>
<class 'torch.Tensor'>
<class 'PIL.Image.Image'>
<class 'torch.Tensor'>
<class 'PIL.Image.Image'>
<class 'torch.Tensor'>
<class 'PIL.Image.Image'>
<class 'torch.Tensor'>
<class 'PIL.Image.Image'>
<class 'torch.Tensor'>
<class 'PIL.Image.Image'>
<class 'torch.Tensor'>
<class 'PIL.Image.Image'>
<class 'torch.Tensor'>
<class 'PIL.Image.Image'>
<class 'torch.Tensor'>
<class 'PIL.Image.Image'>
<class 'torch.Tensor'>
<class 'PIL.Image.Image'>
<class 'torch.Tensor'>
<class 'PIL.Image.Image'>
<class 'torch.Tensor'>
<class 'PIL.Image.Image'>
<class 'torch.Tensor'>
<class 'PIL.Image.Image'>
<class 'torch.Tensor'>
<class 'PIL.Image.Image'>
<class 'torch.Tensor'>
<class 'PIL.Image.Image'>
<class 'torch.Tensor'>
<class 'PIL.Image.Image'>
<class 'torch.Tensor'>
<class 'PIL.Image.Image'>
<class 'torch.Tensor'>
<class 'PIL.Image.Image'>
<class 'torch.Tensor'>
<class 'PIL.Image.Image'>
<class 'torch.Tensor'>
<class 'PIL.Image.Image'>
<class 'torch.Tensor'>
<class 'PIL.Image.Image'>
<class 'torch.Tensor'>
<class 'PIL.Image.Image'>
<class 'torch.Tensor'>
<class 'PIL.Image.Image'>
<class 'torch.Tensor'>
<class 'PIL.Image.Image'>
<class 'torch.Tensor'>
<class 'PIL.Image.Image'>
<class 'torch.Tensor'>
<class 'PIL.Image.Image'>
<class 'torch.Tensor'>
<class 'PIL.Image.Image'>
<class 'torch.Tensor'>
<class 'PIL.Image.Image'>
<class 'torch.Tensor'>
<class 'PIL.Image.Image'>
<class 'torch.Tensor'>
<class 'PIL.Image.Image'>
<class 'torch.Tensor'>
<class 'PIL.Image.Image'>
<class 'torch.Tensor'>
<class 'PIL.Image.Image'>
<class 'torch.Tensor'>
<class 'PIL.Image.Image'>
<class 'torch.Tensor'>
<class 'PIL.Image.Image'>
<class 'torch.Tensor'>
<class 'PIL.Image.Image'>
<class 'torch.Tensor'>
<class 'PIL.Image.Image'>
<class 'torch.Tensor'>
<class 'PIL.Image.Image'>
<class 'torch.Tensor'>
<class 'PIL.Image.Image'>
<class 'torch.Tensor'>
<class 'PIL.Image.Image'>
<class 'torch.Tensor'>
<class 'PIL.Image.Image'>
<class 'torch.Tensor'>
<class 'PIL.Image.Image'>
<class 'torch.Tensor'>
<class 'PIL.Image.Image'>
<class 'torch.Tensor'>
<class 'PIL.Image.Image'>
<class 'torch.Tensor'>
<class 'PIL.Image.Image'>
<class 'torch.Tensor'>
<class 'PIL.Image.Image'>
<class 'torch.Tensor'>
<class 'PIL.Image.Image'>
<class 'torch.Tensor'>
<class 'PIL.Image.Image'>
<class 'torch.Tensor'>
<class 'PIL.Image.Image'>
<class 'torch.Tensor'>
<class 'PIL.Image.Image'>
<class 'torch.Tensor'>
<class 'PIL.Image.Image'>
<class 'torch.Tensor'>
<class 'PIL.Image.Image'>
<class 'torch.Tensor'>
<class 'PIL.Image.Image'>
<class 'torch.Tensor'>
<class 'PIL.Image.Image'>
<class 'torch.Tensor'>
<class 'PIL.Image.Image'>
<class 'torch.Tensor'>
<class 'PIL.Image.Image'>
<class 'torch.Tensor'>
<class 'PIL.Image.Image'>
<class 'torch.Tensor'>
<class 'PIL.Image.Image'>
<class 'torch.Tensor'>
<class 'PIL.Image.Image'>
<class 'torch.Tensor'>
<class 'PIL.Image.Image'>
<class 'torch.Tensor'>
<class 'PIL.Image.Image'>
<class 'torch.Tensor'>
<class 'PIL.Image.Image'>
<class 'torch.Tensor'>
<class 'PIL.Image.Image'>
<class 'torch.Tensor'>
<class 'PIL.Image.Image'>
<class 'torch.Tensor'>
<class 'PIL.Image.Image'>
<class 'torch.Tensor'>
<class 'PIL.Image.Image'>
<class 'torch.Tensor'>
<class 'PIL.Image.Image'>
<class 'torch.Tensor'>
<class 'PIL.Image.Image'>
<class 'torch.Tensor'>
<class 'PIL.Image.Image'>
<class 'torch.Tensor'>
<class 'PIL.Image.Image'>
<class 'torch.Tensor'>
<class 'PIL.Image.Image'>
<class 'torch.Tensor'>
<class 'PIL.Image.Image'>
<class 'torch.Tensor'>
<class 'PIL.Image.Image'>
<class 'torch.Tensor'>
<class 'PIL.Image.Image'>
<class 'torch.Tensor'>
<class 'PIL.Image.Image'>
<class 'torch.Tensor'>
<class 'PIL.Image.Image'>
<class 'torch.Tensor'>
<class 'PIL.Image.Image'>
<class 'torch.Tensor'>
<class 'PIL.Image.Image'>
<class 'torch.Tensor'>
<class 'PIL.Image.Image'>
<class 'torch.Tensor'>
<class 'PIL.Image.Image'>
<class 'torch.Tensor'>
<class 'PIL.Image.Image'>
<class 'torch.Tensor'>
<class 'PIL.Image.Image'>
<class 'torch.Tensor'>
<class 'PIL.Image.Image'>
<class 'torch.Tensor'>
<class 'PIL.Image.Image'>
<class 'torch.Tensor'>
<class 'PIL.Image.Image'>
<class 'torch.Tensor'>
<class 'PIL.Image.Image'>
<class 'torch.Tensor'>
<class 'PIL.Image.Image'>
<class 'torch.Tensor'>
<class 'PIL.Image.Image'>
<class 'torch.Tensor'>
<class 'PIL.Image.Image'>
<class 'torch.Tensor'>
<class 'PIL.Image.Image'>
<class 'torch.Tensor'>
<class 'PIL.Image.Image'>
<class 'torch.Tensor'>
<class 'PIL.Image.Image'>
<class 'torch.Tensor'>
<class 'PIL.Image.Image'>
<class 'torch.Tensor'>
<class 'PIL.Image.Image'>
<class 'torch.Tensor'>
<class 'PIL.Image.Image'>
<class 'torch.Tensor'>
<class 'PIL.Image.Image'>
<class 'torch.Tensor'>
<class 'PIL.Image.Image'>
<class 'torch.Tensor'>
<class 'PIL.Image.Image'>
<class 'torch.Tensor'>
<class 'PIL.Image.Image'>
<class 'torch.Tensor'>
<class 'PIL.Image.Image'>
<class 'torch.Tensor'>
<class 'PIL.Image.Image'>
<class 'torch.Tensor'>
<class 'PIL.Image.Image'>
<class 'torch.Tensor'>
<class 'PIL.Image.Image'>
<class 'torch.Tensor'>
<class 'PIL.Image.Image'>
<class 'torch.Tensor'>
<class 'PIL.Image.Image'>
<class 'torch.Tensor'>
<class 'PIL.Image.Image'>
<class 'torch.Tensor'>
<class 'PIL.Image.Image'>
<class 'torch.Tensor'>
<class 'PIL.Image.Image'>
<class 'torch.Tensor'>
<class 'PIL.Image.Image'>
<class 'torch.Tensor'>
<class 'PIL.Image.Image'>
<class 'torch.Tensor'>
<class 'PIL.Image.Image'>
<class 'torch.Tensor'>
<class 'PIL.Image.Image'>
<class 'torch.Tensor'>
<class 'PIL.Image.Image'>
<class 'torch.Tensor'>
<class 'PIL.Image.Image'>
<class 'torch.Tensor'>
<class 'PIL.Image.Image'>
<class 'torch.Tensor'>
<class 'PIL.Image.Image'>
<class 'torch.Tensor'>
<class 'PIL.Image.Image'>
<class 'torch.Tensor'>
<class 'PIL.Image.Image'>
<class 'torch.Tensor'>
<class 'PIL.Image.Image'>
<class 'torch.Tensor'>
<class 'PIL.Image.Image'>
<class 'torch.Tensor'>
<class 'PIL.Image.Image'>
<class 'torch.Tensor'>
<class 'PIL.Image.Image'>
<class 'torch.Tensor'>
<class 'PIL.Image.Image'>
<class 'torch.Tensor'>
<class 'PIL.Image.Image'>
<class 'torch.Tensor'>
<class 'PIL.Image.Image'>
<class 'torch.Tensor'>
<class 'PIL.Image.Image'>
<class 'torch.Tensor'>
<class 'PIL.Image.Image'>
<class 'torch.Tensor'>
<class 'PIL.Image.Image'>
<class 'torch.Tensor'>
<class 'PIL.Image.Image'>
<class 'torch.Tensor'>
<class 'PIL.Image.Image'>
<class 'torch.Tensor'>
<class 'PIL.Image.Image'>
<class 'torch.Tensor'>
<class 'PIL.Image.Image'>
<class 'torch.Tensor'>
<class 'PIL.Image.Image'>
<class 'torch.Tensor'>
<class 'PIL.Image.Image'>
<class 'torch.Tensor'>
<class 'PIL.Image.Image'>
<class 'torch.Tensor'>
<class 'PIL.Image.Image'>
<class 'torch.Tensor'>
<class 'PIL.Image.Image'>
<class 'torch.Tensor'>
<class 'PIL.Image.Image'>
<class 'torch.Tensor'>
<class 'PIL.Image.Image'>
<class 'torch.Tensor'>
<class 'PIL.Image.Image'>
<class 'torch.Tensor'>
<class 'PIL.Image.Image'>
<class 'torch.Tensor'>
<class 'PIL.Image.Image'>
<class 'torch.Tensor'>
<class 'PIL.Image.Image'>
<class 'torch.Tensor'>
<class 'PIL.Image.Image'>
<class 'torch.Tensor'>
<class 'PIL.Image.Image'>
<class 'torch.Tensor'>
<class 'PIL.Image.Image'>
<class 'torch.Tensor'>
<class 'PIL.Image.Image'>
<class 'torch.Tensor'>
<class 'PIL.Image.Image'>
<class 'torch.Tensor'>
<class 'PIL.Image.Image'>
<class 'torch.Tensor'>
<class 'PIL.Image.Image'>
<class 'torch.Tensor'>
<class 'PIL.Image.Image'>
<class 'torch.Tensor'>
<class 'PIL.Image.Image'>
<class 'torch.Tensor'>
<class 'PIL.Image.Image'>
<class 'torch.Tensor'>
<class 'PIL.Image.Image'>
<class 'torch.Tensor'>
<class 'PIL.Image.Image'>
<class 'torch.Tensor'>
<class 'PIL.Image.Image'>
<class 'torch.Tensor'>
<class 'PIL.Image.Image'>
<class 'torch.Tensor'>
<class 'PIL.Image.Image'>
<class 'torch.Tensor'>
<class 'PIL.Image.Image'>
<class 'torch.Tensor'>
<class 'PIL.Image.Image'>
<class 'torch.Tensor'>
<class 'PIL.Image.Image'>
<class 'torch.Tensor'>
<class 'PIL.Image.Image'>
<class 'torch.Tensor'>
<class 'PIL.Image.Image'>
<class 'torch.Tensor'>
<class 'PIL.Image.Image'>
<class 'torch.Tensor'>
<class 'PIL.Image.Image'>
<class 'torch.Tensor'>
<class 'PIL.Image.Image'>
<class 'torch.Tensor'>
<class 'PIL.Image.Image'>
<class 'torch.Tensor'>
<class 'PIL.Image.Image'>
<class 'torch.Tensor'>
<class 'PIL.Image.Image'>
<class 'torch.Tensor'>
<class 'PIL.Image.Image'>
<class 'torch.Tensor'>
<class 'PIL.Image.Image'>
<class 'torch.Tensor'>
<class 'PIL.Image.Image'>
<class 'torch.Tensor'>
<class 'PIL.Image.Image'>
<class 'torch.Tensor'>
<class 'PIL.Image.Image'>
<class 'torch.Tensor'>
<class 'PIL.Image.Image'>
<class 'torch.Tensor'>
<class 'PIL.Image.Image'>
<class 'torch.Tensor'>
<class 'PIL.Image.Image'>
<class 'torch.Tensor'>
<class 'PIL.Image.Image'>
<class 'torch.Tensor'>
<class 'PIL.Image.Image'>
<class 'torch.Tensor'>
<class 'PIL.Image.Image'>
<class 'torch.Tensor'>
<class 'PIL.Image.Image'>
<class 'torch.Tensor'>
<class 'PIL.Image.Image'>
<class 'torch.Tensor'>
<class 'PIL.Image.Image'>
<class 'torch.Tensor'>
<class 'PIL.Image.Image'>
<class 'torch.Tensor'>
<class 'PIL.Image.Image'>
<class 'torch.Tensor'>
<class 'PIL.Image.Image'>
<class 'torch.Tensor'>
<class 'PIL.Image.Image'>
<class 'torch.Tensor'>
<class 'PIL.Image.Image'>
<class 'torch.Tensor'>
<class 'PIL.Image.Image'>
<class 'torch.Tensor'>
<class 'PIL.Image.Image'>
<class 'torch.Tensor'>
<class 'PIL.Image.Image'>
<class 'torch.Tensor'>
<class 'PIL.Image.Image'>
<class 'torch.Tensor'>
<class 'PIL.Image.Image'>
<class 'torch.Tensor'>
<class 'PIL.Image.Image'>
<class 'torch.Tensor'>
<class 'PIL.Image.Image'>
<class 'torch.Tensor'>
<class 'PIL.Image.Image'>
<class 'torch.Tensor'>
<class 'PIL.Image.Image'>
<class 'torch.Tensor'>
<class 'PIL.Image.Image'>
<class 'torch.Tensor'>
<class 'PIL.Image.Image'>
<class 'torch.Tensor'>
<class 'PIL.Image.Image'>
<class 'torch.Tensor'>
<class 'PIL.Image.Image'>
<class 'torch.Tensor'>
<class 'PIL.Image.Image'>
<class 'torch.Tensor'>
<class 'PIL.Image.Image'>
<class 'torch.Tensor'>
<class 'PIL.Image.Image'>
<class 'torch.Tensor'>
<class 'PIL.Image.Image'>
<class 'torch.Tensor'>
<class 'PIL.Image.Image'>
<class 'torch.Tensor'>
<class 'PIL.Image.Image'>
<class 'torch.Tensor'>
<class 'PIL.Image.Image'>
<class 'torch.Tensor'>
<class 'PIL.Image.Image'>
<class 'torch.Tensor'>
<class 'PIL.Image.Image'>
<class 'torch.Tensor'>
<class 'PIL.Image.Image'>
<class 'torch.Tensor'>
<class 'PIL.Image.Image'>
<class 'torch.Tensor'>
<class 'PIL.Image.Image'>
<class 'torch.Tensor'>
<class 'PIL.Image.Image'>
<class 'torch.Tensor'>
<class 'PIL.Image.Image'>
<class 'torch.Tensor'>
<class 'PIL.Image.Image'>
<class 'torch.Tensor'>
<class 'PIL.Image.Image'>
<class 'torch.Tensor'>
<class 'PIL.Image.Image'>
<class 'torch.Tensor'>
<class 'PIL.Image.Image'>
<class 'torch.Tensor'>
<class 'PIL.Image.Image'>
<class 'torch.Tensor'>
<class 'PIL.Image.Image'>
<class 'torch.Tensor'>
<class 'PIL.Image.Image'>
<class 'torch.Tensor'>
<class 'PIL.Image.Image'>
<class 'torch.Tensor'>
<class 'PIL.Image.Image'>
<class 'torch.Tensor'>
<class 'PIL.Image.Image'>
<class 'torch.Tensor'>
<class 'PIL.Image.Image'>
<class 'torch.Tensor'>
<class 'PIL.Image.Image'>
<class 'torch.Tensor'>
<class 'PIL.Image.Image'>
<class 'torch.Tensor'>
<class 'PIL.Image.Image'>
<class 'torch.Tensor'>
<class 'PIL.Image.Image'>
<class 'torch.Tensor'>
<class 'PIL.Image.Image'>
<class 'torch.Tensor'>
<class 'PIL.Image.Image'>
<class 'torch.Tensor'>
<class 'PIL.Image.Image'>
<class 'torch.Tensor'>
<class 'PIL.Image.Image'>
<class 'torch.Tensor'>
<class 'PIL.Image.Image'>
<class 'torch.Tensor'>
<class 'PIL.Image.Image'>
<class 'torch.Tensor'>
<class 'PIL.Image.Image'>
<class 'torch.Tensor'>
<class 'PIL.Image.Image'>
<class 'torch.Tensor'>
<class 'PIL.Image.Image'>
<class 'torch.Tensor'>
<class 'PIL.Image.Image'>
<class 'torch.Tensor'>
<class 'PIL.Image.Image'>
<class 'torch.Tensor'>
<class 'PIL.Image.Image'>
<class 'torch.Tensor'>
<class 'PIL.Image.Image'>
<class 'torch.Tensor'>
<class 'PIL.Image.Image'>
<class 'torch.Tensor'>
<class 'PIL.Image.Image'>
<class 'torch.Tensor'>
<class 'PIL.Image.Image'>
<class 'torch.Tensor'>
<class 'PIL.Image.Image'>
<class 'torch.Tensor'>
<class 'PIL.Image.Image'>
<class 'torch.Tensor'>
<class 'PIL.Image.Image'>
<class 'torch.Tensor'>
<class 'PIL.Image.Image'>
<class 'torch.Tensor'>
<class 'PIL.Image.Image'>
<class 'torch.Tensor'>
<class 'PIL.Image.Image'>
<class 'torch.Tensor'>
<class 'PIL.Image.Image'>
<class 'torch.Tensor'>
<class 'PIL.Image.Image'>
<class 'torch.Tensor'>
<class 'PIL.Image.Image'>
<class 'torch.Tensor'>
<class 'PIL.Image.Image'>
<class 'torch.Tensor'>
<class 'PIL.Image.Image'>
<class 'torch.Tensor'>
<class 'PIL.Image.Image'>
<class 'torch.Tensor'>
<class 'PIL.Image.Image'>
<class 'torch.Tensor'>
<class 'PIL.Image.Image'>
<class 'torch.Tensor'>
<class 'PIL.Image.Image'>
<class 'torch.Tensor'>
Video length: 499
tensor([[[[ 0.5536,  0.6049,  0.6221,  ..., -1.8610, -1.7754, -1.5699],
          [ 0.1426,  0.2111,  0.3138,  ..., -1.8439, -1.7412, -1.5528],
          [ 0.1426,  0.1939,  0.3138,  ..., -1.7754, -1.7069, -1.5014],
          ...,
          [ 0.5022,  0.5022,  0.5536,  ..., -1.9809, -1.9638, -1.9124],
          [ 0.5022,  0.5022,  0.5707,  ..., -1.9124, -1.8610, -1.8268],
          [ 0.5022,  0.5193,  0.5878,  ..., -1.7925, -1.7754, -1.7069]],

         [[ 0.7129,  0.7654,  0.7829,  ..., -1.7731, -1.6856, -1.4755],
          [ 0.2927,  0.3627,  0.4678,  ..., -1.7556, -1.6506, -1.4580],
          [ 0.2927,  0.3452,  0.4678,  ..., -1.6856, -1.6155, -1.4055],
          ...,
          [ 0.6604,  0.6604,  0.7129,  ..., -1.8957, -1.8782, -1.8256],
          [ 0.6604,  0.6604,  0.7304,  ..., -1.8256, -1.7731, -1.7381],
          [ 0.6604,  0.6779,  0.7479,  ..., -1.7031, -1.6856, -1.6155]],

         [[ 0.6879,  0.7402,  0.7576,  ..., -1.5430, -1.4559, -1.2467],
          [ 0.2696,  0.3393,  0.4439,  ..., -1.5256, -1.4210, -1.2293],
          [ 0.2696,  0.3219,  0.4439,  ..., -1.4559, -1.3861, -1.1770],
          ...,
          [ 0.5659,  0.5659,  0.6182,  ..., -1.7173, -1.6999, -1.6476],
          [ 0.5659,  0.5659,  0.6356,  ..., -1.6476, -1.5953, -1.5604],
          [ 0.5659,  0.5834,  0.6531,  ..., -1.5256, -1.5081, -1.4384]]],


        [[[ 0.7077,  0.7419,  0.7591,  ..., -1.8610, -1.5528, -1.5528],
          [ 0.8276,  0.4679,  0.2282,  ..., -2.1179, -1.8097, -1.8097],
          [ 0.5707,  0.2282,  0.0056,  ..., -2.0837, -1.7925, -1.7754],
          ...,
          [ 0.5022,  0.5022,  0.5536,  ..., -1.9638, -1.9295, -1.8953],
          [ 0.5022,  0.5022,  0.5707,  ..., -1.9809, -1.9467, -1.9124],
          [ 0.5022,  0.5193,  0.5878,  ..., -1.7069, -1.6727, -1.6213]],

         [[ 0.8704,  0.9055,  0.9230,  ..., -1.7731, -1.4580, -1.4580],
          [ 0.9930,  0.6254,  0.3803,  ..., -2.0357, -1.7206, -1.7206],
          [ 0.7304,  0.3803,  0.1527,  ..., -2.0007, -1.7031, -1.6856],
          ...,
          [ 0.6604,  0.6604,  0.7129,  ..., -1.8782, -1.8431, -1.8081],
          [ 0.6604,  0.6604,  0.7304,  ..., -1.8957, -1.8606, -1.8256],
          [ 0.6604,  0.6779,  0.7479,  ..., -1.6155, -1.5805, -1.5280]],

         [[ 0.8448,  0.8797,  0.8971,  ..., -1.5430, -1.2293, -1.2293],
          [ 0.9668,  0.6008,  0.3568,  ..., -1.8044, -1.4907, -1.4907],
          [ 0.7054,  0.3568,  0.1302,  ..., -1.7696, -1.4733, -1.4559],
          ...,
          [ 0.5659,  0.5659,  0.6182,  ..., -1.6999, -1.6650, -1.6302],
          [ 0.5659,  0.5659,  0.6356,  ..., -1.7173, -1.6824, -1.6476],
          [ 0.5659,  0.5834,  0.6531,  ..., -1.4384, -1.4036, -1.3513]]],


        [[[ 0.6392,  0.6392,  0.6392,  ...,  0.5707,  0.4851,  0.8104],
          [ 0.6392,  0.6392,  0.6392,  ...,  0.1254,  0.0569,  0.3652],
          [ 0.6392,  0.6392,  0.6392,  ...,  0.1768,  0.0912,  0.4166],
          ...,
          [ 0.5536, -0.0287,  0.1083,  ..., -0.7822, -0.7822, -0.6109],
          [ 0.3138, -0.2171,  0.0912,  ..., -0.6623, -0.6623, -0.4911],
          [ 0.7591,  0.2796,  0.6221,  ..., -0.0458, -0.0458,  0.1254]],

         [[ 0.8004,  0.8004,  0.8004,  ...,  0.7654,  0.6779,  1.0105],
          [ 0.8004,  0.8004,  0.8004,  ...,  0.3102,  0.2402,  0.5553],
          [ 0.8004,  0.8004,  0.8004,  ...,  0.3627,  0.2752,  0.6078],
          ...,
          [ 0.7129,  0.1176,  0.2577,  ..., -1.9832, -1.9832, -1.8081],
          [ 0.4678, -0.0749,  0.2402,  ..., -1.8606, -1.8606, -1.6856],
          [ 0.9230,  0.4328,  0.7829,  ..., -1.2304, -1.2304, -1.0553]],

         [[ 0.7402,  0.7402,  0.7402,  ...,  0.7402,  0.6531,  0.9842],
          [ 0.7402,  0.7402,  0.7402,  ...,  0.2871,  0.2173,  0.5311],
          [ 0.7402,  0.7402,  0.7402,  ...,  0.3393,  0.2522,  0.5834],
          ...,
          [ 0.7228,  0.1302,  0.2696,  ..., -1.8044, -1.8044, -1.7173],
          [ 0.4788, -0.0615,  0.2522,  ..., -1.7696, -1.7696, -1.5953],
          [ 0.9319,  0.4439,  0.7925,  ..., -1.1421, -1.1421, -0.9678]]],


        ...,


        [[[ 0.5536,  0.5536,  0.5707,  ...,  0.5536,  0.5364,  0.5364],
          [ 0.4851,  0.4851,  0.5022,  ...,  0.5536,  0.5364,  0.5364],
          [ 0.4337,  0.4508,  0.4851,  ...,  0.5707,  0.5536,  0.5536],
          ...,
          [-1.8610, -1.9809, -1.9809,  ..., -1.8439, -1.7240, -1.2617],
          [-1.8953, -2.0152, -1.9980,  ..., -1.8097, -1.6898, -1.2274],
          [-1.6213, -1.7240, -1.7412,  ..., -1.6727, -1.5528, -1.0904]],

         [[ 0.8004,  0.8004,  0.8179,  ...,  0.8004,  0.7829,  0.7829],
          [ 0.7304,  0.7304,  0.7479,  ...,  0.8004,  0.7829,  0.7829],
          [ 0.6779,  0.6954,  0.7304,  ...,  0.8179,  0.8004,  0.8004],
          ...,
          [-1.7381, -1.8606, -1.8606,  ..., -1.7556, -1.6331, -1.1604],
          [-1.7731, -1.8957, -1.8782,  ..., -1.7206, -1.5980, -1.1253],
          [-1.4930, -1.5980, -1.6155,  ..., -1.5805, -1.4580, -0.9853]],

         [[ 0.7228,  0.7228,  0.7402,  ...,  0.7228,  0.7054,  0.7054],
          [ 0.6531,  0.6531,  0.6705,  ...,  0.7228,  0.7054,  0.7054],
          [ 0.6008,  0.6182,  0.6531,  ...,  0.7402,  0.7228,  0.7228],
          ...,
          [-1.5081, -1.6302, -1.6302,  ..., -1.5779, -1.4559, -0.9853],
          [-1.5430, -1.6650, -1.6476,  ..., -1.5430, -1.4210, -0.9504],
          [-1.2641, -1.3687, -1.3861,  ..., -1.4036, -1.2816, -0.8110]]],


        [[[ 0.5536,  0.5536,  0.5707,  ...,  0.5536,  0.5364,  0.5364],
          [ 0.4851,  0.4851,  0.5022,  ...,  0.5536,  0.5364,  0.5364],
          [ 0.4337,  0.4508,  0.4851,  ...,  0.5707,  0.5536,  0.5536],
          ...,
          [-1.8439, -1.8782, -1.9809,  ..., -1.8439, -1.8439, -1.4843],
          [-1.8782, -1.9295, -2.0152,  ..., -1.8097, -1.8097, -1.4500],
          [-1.6042, -1.6384, -1.7240,  ..., -1.6898, -1.6727, -1.3130]],

         [[ 0.8004,  0.8004,  0.8179,  ...,  0.8004,  0.7829,  0.7829],
          [ 0.7304,  0.7304,  0.7479,  ...,  0.8004,  0.7829,  0.7829],
          [ 0.6779,  0.6954,  0.7304,  ...,  0.8179,  0.8004,  0.8004],
          ...,
          [-1.7206, -1.7556, -1.8606,  ..., -1.7556, -1.7556, -1.3880],
          [-1.7556, -1.8081, -1.8957,  ..., -1.7206, -1.7206, -1.3529],
          [-1.4755, -1.5105, -1.5980,  ..., -1.5980, -1.5805, -1.2129]],

         [[ 0.7228,  0.7228,  0.7402,  ...,  0.7228,  0.7054,  0.7054],
          [ 0.6531,  0.6531,  0.6705,  ...,  0.7228,  0.7054,  0.7054],
          [ 0.6008,  0.6182,  0.6531,  ...,  0.7402,  0.7228,  0.7228],
          ...,
          [-1.4907, -1.5256, -1.6302,  ..., -1.5779, -1.5779, -1.2119],
          [-1.5256, -1.5779, -1.6650,  ..., -1.5430, -1.5430, -1.1770],
          [-1.2467, -1.2816, -1.3687,  ..., -1.4210, -1.4036, -1.0376]]],


        [[[ 0.5536,  0.5536,  0.5707,  ...,  0.5536,  0.5364,  0.5364],
          [ 0.4851,  0.4851,  0.5022,  ...,  0.5536,  0.5364,  0.5364],
          [ 0.4337,  0.4508,  0.4851,  ...,  0.5707,  0.5536,  0.5536],
          ...,
          [-1.8097, -1.9809, -1.9980,  ..., -1.8953, -1.8953, -1.6213],
          [-1.8439, -2.0152, -2.0494,  ..., -1.8953, -1.8439, -1.5870],
          [-1.5699, -1.7412, -1.7412,  ..., -1.5185, -1.4672, -1.3130]],

         [[ 0.8004,  0.8004,  0.8179,  ...,  0.8004,  0.7829,  0.7829],
          [ 0.7304,  0.7304,  0.7479,  ...,  0.8004,  0.7829,  0.7829],
          [ 0.6779,  0.6954,  0.7304,  ...,  0.8179,  0.8004,  0.8004],
          ...,
          [-1.6856, -1.8606, -1.8782,  ..., -1.8431, -1.8081, -1.5280],
          [-1.7206, -1.8957, -1.9307,  ..., -1.8431, -1.7556, -1.4930],
          [-1.4405, -1.6155, -1.6155,  ..., -1.4580, -1.3704, -1.2129]],

         [[ 0.7228,  0.7228,  0.7402,  ...,  0.7228,  0.7054,  0.7054],
          [ 0.6531,  0.6531,  0.6705,  ...,  0.7228,  0.7054,  0.7054],
          [ 0.6008,  0.6182,  0.6531,  ...,  0.7402,  0.7228,  0.7228],
          ...,
          [-1.4559, -1.6302, -1.6476,  ..., -1.6476, -1.6302, -1.3513],
          [-1.4907, -1.6650, -1.6999,  ..., -1.6476, -1.5779, -1.3164],
          [-1.2119, -1.3861, -1.3861,  ..., -1.2641, -1.1944, -1.0376]]]])
torch.Size([499, 3, 1080, 1920])
Traceback (most recent call last):
  File "test_demo.py", line 80, in <module>
    features = get_features(transformed_video, frame_batch_size=args.frame_batch_size, device=device)
  File "/user/work/um20242/VSFA-UGC/CNNfeaturesUGC.py", line 110, in get_features
    features_mean, features_std = extractor(batch)
  File "/user/home/um20242/.conda/envs/reproducibleresearch/lib/python3.6/site-packages/torch/nn/modules/module.py", line 727, in _call_impl
    result = self.forward(*input, **kwargs)
  File "/user/work/um20242/VSFA-UGC/CNNfeaturesUGC.py", line 84, in forward
    x = model(x)
  File "/user/home/um20242/.conda/envs/reproducibleresearch/lib/python3.6/site-packages/torch/nn/modules/module.py", line 727, in _call_impl
    result = self.forward(*input, **kwargs)
  File "/user/home/um20242/.conda/envs/reproducibleresearch/lib/python3.6/site-packages/torch/nn/modules/container.py", line 117, in forward
    input = module(input)
  File "/user/home/um20242/.conda/envs/reproducibleresearch/lib/python3.6/site-packages/torch/nn/modules/module.py", line 727, in _call_impl
    result = self.forward(*input, **kwargs)
  File "/user/home/um20242/.conda/envs/reproducibleresearch/lib/python3.6/site-packages/torchvision/models/resnet.py", line 116, in forward
    identity = self.downsample(x)
  File "/user/home/um20242/.conda/envs/reproducibleresearch/lib/python3.6/site-packages/torch/nn/modules/module.py", line 727, in _call_impl
    result = self.forward(*input, **kwargs)
  File "/user/home/um20242/.conda/envs/reproducibleresearch/lib/python3.6/site-packages/torch/nn/modules/container.py", line 117, in forward
    input = module(input)
  File "/user/home/um20242/.conda/envs/reproducibleresearch/lib/python3.6/site-packages/torch/nn/modules/module.py", line 727, in _call_impl
    result = self.forward(*input, **kwargs)
  File "/user/home/um20242/.conda/envs/reproducibleresearch/lib/python3.6/site-packages/torch/nn/modules/batchnorm.py", line 136, in forward
    self.weight, self.bias, bn_training, exponential_average_factor, self.eps)
  File "/user/home/um20242/.conda/envs/reproducibleresearch/lib/python3.6/site-packages/torch/nn/functional.py", line 2058, in batch_norm
    training, momentum, eps, torch.backends.cudnn.enabled
RuntimeError: CUDA out of memory. Tried to allocate 3.96 GiB (GPU 0; 15.89 GiB total capacity; 9.73 GiB already allocated; 2.42 GiB free; 12.72 GiB reserved in total by PyTorch)
